[     110ms] [LOG] loading translations for module: staff lang: ru @ http://localhost:8080/js/plugins/html-i18n-plugin.js?v=4.5:34
[     558ms] [WARNING] [i18n-missing] Missing key "Van-selling (торговля с колес)" in locale "ru test" @ http://localhost:8080/js/plugins/vue3-i18n-plugin.js?v=1:41
[     558ms] [WARNING] [i18n-missing] Missing key "Продавец (Точка продаж)" in locale "ru test" @ http://localhost:8080/js/plugins/vue3-i18n-plugin.js?v=1:41
[     576ms] [WARNING] [i18n-missing] Missing key "Конфигурация" in locale "ru test" @ http://localhost:8080/js/plugins/vue3-i18n-plugin.js?v=1:41
[     577ms] [WARNING] [i18n-missing] Missing key "Нет доступа к конфигурации" in locale "ru test" @ http://localhost:8080/js/plugins/vue3-i18n-plugin.js?v=1:41
[     579ms] [WARNING] [i18n-missing] Missing key "Создать агента" in locale "ru test" @ http://localhost:8080/js/plugins/vue3-i18n-plugin.js?v=1:41
[     580ms] [WARNING] [i18n-missing] Missing key "У вас нет доступа для создания агента" in locale "ru test" @ http://localhost:8080/js/plugins/vue3-i18n-plugin.js?v=1:41
[     581ms] [WARNING] [i18n-missing] Missing key "Активные агенты" in locale "ru test" @ http://localhost:8080/js/plugins/vue3-i18n-plugin.js?v=1:41
[     582ms] [WARNING] [i18n-missing] Missing key "Неактивные агенты" in locale "ru test" @ http://localhost:8080/js/plugins/vue3-i18n-plugin.js?v=1:41
[     583ms] [WARNING] [i18n-missing] Missing key "Последняя синхронизация" in locale "ru test" @ http://localhost:8080/js/plugins/vue3-i18n-plugin.js?v=1:41
[     583ms] [WARNING] [i18n-missing] Missing key "Доступные товары" in locale "ru test" @ http://localhost:8080/js/plugins/vue3-i18n-plugin.js?v=1:41
[     583ms] [WARNING] [i18n-missing] Missing key "Доступные типы цен" in locale "ru test" @ http://localhost:8080/js/plugins/vue3-i18n-plugin.js?v=1:41
[     587ms] [WARNING] [i18n-missing] Missing key "Сброс ограничений" in locale "ru test" @ http://localhost:8080/js/plugins/vue3-i18n-plugin.js?v=1:41
[     587ms] [WARNING] [i18n-missing] Missing key "Сброс конфигурации" in locale "ru test" @ http://localhost:8080/js/plugins/vue3-i18n-plugin.js?v=1:41
[     592ms] [WARNING] [i18n-missing] Missing key "Нет доступа к конфигурации" in locale "ru test" @ http://localhost:8080/js/plugins/vue3-i18n-plugin.js?v=1:41
[     606ms] [WARNING] [i18n-missing] Missing key "Изменить агента" in locale "ru test" @ http://localhost:8080/js/plugins/vue3-i18n-plugin.js?v=1:41
[     606ms] [WARNING] [i18n-missing] Missing key "Деактивировать агента" in locale "ru test" @ http://localhost:8080/js/plugins/vue3-i18n-plugin.js?v=1:41
[     607ms] [LOG] rendering datatable... @ http://localhost:8080/staff/view/agent:5863
[     609ms] [WARNING] [i18n-missing] Missing key "Конфигурация" in locale "ru test" @ http://localhost:8080/js/plugins/vue3-i18n-plugin.js?v=1:41
[     610ms] [WARNING] [i18n-missing] Missing key "Нет доступа к конфигурации" in locale "ru test" @ http://localhost:8080/js/plugins/vue3-i18n-plugin.js?v=1:41
[     610ms] [WARNING] [i18n-missing] Missing key "Создать агента" in locale "ru test" @ http://localhost:8080/js/plugins/vue3-i18n-plugin.js?v=1:41
[     610ms] [WARNING] [i18n-missing] Missing key "Нет доступа к конфигурации" in locale "ru test" @ http://localhost:8080/js/plugins/vue3-i18n-plugin.js?v=1:41
[     613ms] [WARNING] [i18n-missing] Missing key "Нет доступа к конфигурации" in locale "ru test" @ http://localhost:8080/js/plugins/vue3-i18n-plugin.js?v=1:41
[     613ms] [WARNING] [i18n-missing] Missing key "У вас нет доступа для создания агента" in locale "ru test" @ http://localhost:8080/js/plugins/vue3-i18n-plugin.js?v=1:41
[     613ms] [WARNING] [i18n-missing] Missing key "Нет доступа к конфигурации" in locale "ru test" @ http://localhost:8080/js/plugins/vue3-i18n-plugin.js?v=1:41
[     629ms] [LOG] loading translations for module: staff lang: ru @ http://localhost:8080/js/plugins/html-i18n-plugin.js?v=4.5:34
[     633ms] [WARNING] [i18n-missing] Missing key "Конфигурация" in locale "ru test" @ http://localhost:8080/js/plugins/vue3-i18n-plugin.js?v=1:41
[     633ms] [WARNING] [i18n-missing] Missing key "Создать агента" in locale "ru test" @ http://localhost:8080/js/plugins/vue3-i18n-plugin.js?v=1:41
[     679ms] [WARNING] [i18n-missing] Missing key "Конфигурация" in locale "ru test" @ http://localhost:8080/js/plugins/vue3-i18n-plugin.js?v=1:41
[     679ms] [WARNING] [i18n-missing] Missing key "Создать агента" in locale "ru test" @ http://localhost:8080/js/plugins/vue3-i18n-plugin.js?v=1:41
[     706ms] [WARNING] [i18n-missing] Missing key "Касса не закреплена" in locale "ru test" @ http://localhost:8080/js/plugins/vue3-i18n-plugin.js?v=1:41
[     707ms] [WARNING] [i18n-missing] Missing key "Без ограничений" in locale "ru test" @ http://localhost:8080/js/plugins/vue3-i18n-plugin.js?v=1:41
[     707ms] [WARNING] [i18n-missing] Missing key "Без ограничений" in locale "ru test" @ http://localhost:8080/js/plugins/vue3-i18n-plugin.js?v=1:41
[     707ms] [WARNING] [i18n-missing] Missing key "Без ограничений" in locale "ru test" @ http://localhost:8080/js/plugins/vue3-i18n-plugin.js?v=1:41
[     707ms] [WARNING] [i18n-missing] Missing key "Без ограничений" in locale "ru test" @ http://localhost:8080/js/plugins/vue3-i18n-plugin.js?v=1:41
[     707ms] [WARNING] [i18n-missing] Missing key "Без ограничений" in locale "ru test" @ http://localhost:8080/js/plugins/vue3-i18n-plugin.js?v=1:41
[     707ms] [WARNING] [i18n-missing] Missing key "Без ограничений" in locale "ru test" @ http://localhost:8080/js/plugins/vue3-i18n-plugin.js?v=1:41
[     707ms] [WARNING] [i18n-missing] Missing key "Без ограничений" in locale "ru test" @ http://localhost:8080/js/plugins/vue3-i18n-plugin.js?v=1:41
[     708ms] [WARNING] [i18n-missing] Missing key "Без ограничений" in locale "ru test" @ http://localhost:8080/js/plugins/vue3-i18n-plugin.js?v=1:41
[     708ms] [WARNING] [i18n-missing] Missing key "Без ограничений" in locale "ru test" @ http://localhost:8080/js/plugins/vue3-i18n-plugin.js?v=1:41
[     708ms] [WARNING] [i18n-missing] Missing key "Без ограничений" in locale "ru test" @ http://localhost:8080/js/plugins/vue3-i18n-plugin.js?v=1:41
[     708ms] [WARNING] [i18n-missing] Missing key "Без ограничений" in locale "ru test" @ http://localhost:8080/js/plugins/vue3-i18n-plugin.js?v=1:41
[     708ms] [WARNING] [i18n-missing] Missing key "Без ограничений" in locale "ru test" @ http://localhost:8080/js/plugins/vue3-i18n-plugin.js?v=1:41
[     708ms] [WARNING] [i18n-missing] Missing key "Без ограничений" in locale "ru test" @ http://localhost:8080/js/plugins/vue3-i18n-plugin.js?v=1:41
[     708ms] [WARNING] [i18n-missing] Missing key "Без ограничений" in locale "ru test" @ http://localhost:8080/js/plugins/vue3-i18n-plugin.js?v=1:41
[     708ms] [WARNING] [i18n-missing] Missing key "Без ограничений" in locale "ru test" @ http://localhost:8080/js/plugins/vue3-i18n-plugin.js?v=1:41
[     708ms] [WARNING] [i18n-missing] Missing key "Без ограничений" in locale "ru test" @ http://localhost:8080/js/plugins/vue3-i18n-plugin.js?v=1:41
[     708ms] [WARNING] [i18n-missing] Missing key "Без ограничений" in locale "ru test" @ http://localhost:8080/js/plugins/vue3-i18n-plugin.js?v=1:41
[     708ms] [WARNING] [i18n-missing] Missing key "Без ограничений" in locale "ru test" @ http://localhost:8080/js/plugins/vue3-i18n-plugin.js?v=1:41
[     708ms] [WARNING] [i18n-missing] Missing key "Без ограничений" in locale "ru test" @ http://localhost:8080/js/plugins/vue3-i18n-plugin.js?v=1:41
[     708ms] [WARNING] [i18n-missing] Missing key "Без ограничений" in locale "ru test" @ http://localhost:8080/js/plugins/vue3-i18n-plugin.js?v=1:41
[     708ms] [WARNING] [i18n-missing] Missing key "Без ограничений" in locale "ru test" @ http://localhost:8080/js/plugins/vue3-i18n-plugin.js?v=1:41
[     708ms] [WARNING] [i18n-missing] Missing key "Без ограничений" in locale "ru test" @ http://localhost:8080/js/plugins/vue3-i18n-plugin.js?v=1:41
[     708ms] [WARNING] [i18n-missing] Missing key "Без ограничений" in locale "ru test" @ http://localhost:8080/js/plugins/vue3-i18n-plugin.js?v=1:41
[     708ms] [WARNING] [i18n-missing] Missing key "Без ограничений" in locale "ru test" @ http://localhost:8080/js/plugins/vue3-i18n-plugin.js?v=1:41
[     709ms] [WARNING] [i18n-missing] Missing key "Без ограничений" in locale "ru test" @ http://localhost:8080/js/plugins/vue3-i18n-plugin.js?v=1:41
[     709ms] [WARNING] [i18n-missing] Missing key "Без ограничений" in locale "ru test" @ http://localhost:8080/js/plugins/vue3-i18n-plugin.js?v=1:41
[     709ms] [WARNING] [i18n-missing] Missing key "Без ограничений" in locale "ru test" @ http://localhost:8080/js/plugins/vue3-i18n-plugin.js?v=1:41
[     709ms] [WARNING] [i18n-missing] Missing key "Без ограничений" in locale "ru test" @ http://localhost:8080/js/plugins/vue3-i18n-plugin.js?v=1:41
[     709ms] [WARNING] [i18n-missing] Missing key "Без ограничений" in locale "ru test" @ http://localhost:8080/js/plugins/vue3-i18n-plugin.js?v=1:41
[     709ms] [WARNING] [i18n-missing] Missing key "Без ограничений" in locale "ru test" @ http://localhost:8080/js/plugins/vue3-i18n-plugin.js?v=1:41
[     709ms] [WARNING] [i18n-missing] Missing key "Без ограничений" in locale "ru test" @ http://localhost:8080/js/plugins/vue3-i18n-plugin.js?v=1:41
[     709ms] [WARNING] [i18n-missing] Missing key "Без ограничений" in locale "ru test" @ http://localhost:8080/js/plugins/vue3-i18n-plugin.js?v=1:41
[     709ms] [WARNING] [i18n-missing] Missing key "Без ограничений" in locale "ru test" @ http://localhost:8080/js/plugins/vue3-i18n-plugin.js?v=1:41
[     709ms] [WARNING] [i18n-missing] Missing key "Без ограничений" in locale "ru test" @ http://localhost:8080/js/plugins/vue3-i18n-plugin.js?v=1:41
[     709ms] [WARNING] [i18n-missing] Missing key "Без ограничений" in locale "ru test" @ http://localhost:8080/js/plugins/vue3-i18n-plugin.js?v=1:41
[     709ms] [WARNING] [i18n-missing] Missing key "Без ограничений" in locale "ru test" @ http://localhost:8080/js/plugins/vue3-i18n-plugin.js?v=1:41
[     709ms] [WARNING] [i18n-missing] Missing key "Без ограничений" in locale "ru test" @ http://localhost:8080/js/plugins/vue3-i18n-plugin.js?v=1:41
[     709ms] [WARNING] [i18n-missing] Missing key "Без ограничений" in locale "ru test" @ http://localhost:8080/js/plugins/vue3-i18n-plugin.js?v=1:41
[     709ms] [WARNING] [i18n-missing] Missing key "Без ограничений" in locale "ru test" @ http://localhost:8080/js/plugins/vue3-i18n-plugin.js?v=1:41
[     709ms] [WARNING] [i18n-missing] Missing key "Без ограничений" in locale "ru test" @ http://localhost:8080/js/plugins/vue3-i18n-plugin.js?v=1:41
[     709ms] [WARNING] [i18n-missing] Missing key "Без ограничений" in locale "ru test" @ http://localhost:8080/js/plugins/vue3-i18n-plugin.js?v=1:41
[     710ms] [WARNING] [i18n-missing] Missing key "Без ограничений" in locale "ru test" @ http://localhost:8080/js/plugins/vue3-i18n-plugin.js?v=1:41
[     710ms] [WARNING] [i18n-missing] Missing key "Без ограничений" in locale "ru test" @ http://localhost:8080/js/plugins/vue3-i18n-plugin.js?v=1:41
[     710ms] [WARNING] [i18n-missing] Missing key "Без ограничений" in locale "ru test" @ http://localhost:8080/js/plugins/vue3-i18n-plugin.js?v=1:41
[     710ms] [WARNING] [i18n-missing] Missing key "Без ограничений" in locale "ru test" @ http://localhost:8080/js/plugins/vue3-i18n-plugin.js?v=1:41
[     710ms] [WARNING] [i18n-missing] Missing key "Без ограничений" in locale "ru test" @ http://localhost:8080/js/plugins/vue3-i18n-plugin.js?v=1:41
[     710ms] [WARNING] [i18n-missing] Missing key "Сброс ограничений" in locale "ru test" @ http://localhost:8080/js/plugins/vue3-i18n-plugin.js?v=1:41
[     710ms] [WARNING] [i18n-missing] Missing key "Сброс конфигурации" in locale "ru test" @ http://localhost:8080/js/plugins/vue3-i18n-plugin.js?v=1:41
[     717ms] [WARNING] [i18n-missing] Missing key "Модель устройства" in locale "ru test" @ http://localhost:8080/js/plugins/vue3-i18n-plugin.js?v=1:41
[     719ms] [WARNING] [i18n-missing] Missing key "Модель устройства" in locale "ru test" @ http://localhost:8080/js/plugins/vue3-i18n-plugin.js?v=1:41
[     720ms] [WARNING] [i18n-missing] Missing key "Модель устройства" in locale "ru test" @ http://localhost:8080/js/plugins/vue3-i18n-plugin.js?v=1:41
[     722ms] [WARNING] [i18n-missing] Missing key "Модель устройства" in locale "ru test" @ http://localhost:8080/js/plugins/vue3-i18n-plugin.js?v=1:41
[     723ms] [WARNING] [i18n-missing] Missing key "Модель устройства" in locale "ru test" @ http://localhost:8080/js/plugins/vue3-i18n-plugin.js?v=1:41
[     724ms] [WARNING] [i18n-missing] Missing key "Тип цены вансел" in locale "ru test" @ http://localhost:8080/js/plugins/vue3-i18n-plugin.js?v=1:41
[     724ms] [WARNING] [i18n-missing] Missing key "Модель устройства" in locale "ru test" @ http://localhost:8080/js/plugins/vue3-i18n-plugin.js?v=1:41
[     725ms] [WARNING] [i18n-missing] Missing key "Модель устройства" in locale "ru test" @ http://localhost:8080/js/plugins/vue3-i18n-plugin.js?v=1:41
[     726ms] [WARNING] [i18n-missing] Missing key "Модель устройства" in locale "ru test" @ http://localhost:8080/js/plugins/vue3-i18n-plugin.js?v=1:41
[     727ms] [WARNING] [i18n-missing] Missing key "Модель устройства" in locale "ru test" @ http://localhost:8080/js/plugins/vue3-i18n-plugin.js?v=1:41
[     728ms] [WARNING] [i18n-missing] Missing key "Модель устройства" in locale "ru test" @ http://localhost:8080/js/plugins/vue3-i18n-plugin.js?v=1:41
[     729ms] [WARNING] [i18n-missing] Missing key "Модель устройства" in locale "ru test" @ http://localhost:8080/js/plugins/vue3-i18n-plugin.js?v=1:41
[     730ms] [WARNING] [i18n-missing] Missing key "Модель устройства" in locale "ru test" @ http://localhost:8080/js/plugins/vue3-i18n-plugin.js?v=1:41
[     730ms] [WARNING] [i18n-missing] Missing key "Модель устройства" in locale "ru test" @ http://localhost:8080/js/plugins/vue3-i18n-plugin.js?v=1:41
[     733ms] [WARNING] [i18n-missing] Missing key "Модель устройства" in locale "ru test" @ http://localhost:8080/js/plugins/vue3-i18n-plugin.js?v=1:41
[     734ms] [WARNING] [i18n-missing] Missing key "Модель устройства" in locale "ru test" @ http://localhost:8080/js/plugins/vue3-i18n-plugin.js?v=1:41
[     735ms] [WARNING] [i18n-missing] Missing key "Модель устройства" in locale "ru test" @ http://localhost:8080/js/plugins/vue3-i18n-plugin.js?v=1:41
[     735ms] [WARNING] [i18n-missing] Missing key "Модель устройства" in locale "ru test" @ http://localhost:8080/js/plugins/vue3-i18n-plugin.js?v=1:41
[     746ms] [WARNING] [i18n-missing] Missing key "Модель устройства" in locale "ru test" @ http://localhost:8080/js/plugins/vue3-i18n-plugin.js?v=1:41
[     747ms] [WARNING] [i18n-missing] Missing key "Модель устройства" in locale "ru test" @ http://localhost:8080/js/plugins/vue3-i18n-plugin.js?v=1:41
[     747ms] [WARNING] [i18n-missing] Missing key "Модель устройства" in locale "ru test" @ http://localhost:8080/js/plugins/vue3-i18n-plugin.js?v=1:41
[     747ms] [WARNING] [i18n-missing] Missing key "Модель устройства" in locale "ru test" @ http://localhost:8080/js/plugins/vue3-i18n-plugin.js?v=1:41
[     747ms] [WARNING] [i18n-missing] Missing key "Модель устройства" in locale "ru test" @ http://localhost:8080/js/plugins/vue3-i18n-plugin.js?v=1:41
[     747ms] [WARNING] [i18n-missing] Missing key "Модель устройства" in locale "ru test" @ http://localhost:8080/js/plugins/vue3-i18n-plugin.js?v=1:41
[     747ms] [WARNING] [i18n-missing] Missing key "Модель устройства" in locale "ru test" @ http://localhost:8080/js/plugins/vue3-i18n-plugin.js?v=1:41
[     748ms] [WARNING] [i18n-missing] Missing key "Модель устройства" in locale "ru test" @ http://localhost:8080/js/plugins/vue3-i18n-plugin.js?v=1:41
[     748ms] [WARNING] [i18n-missing] Missing key "Модель устройства" in locale "ru test" @ http://localhost:8080/js/plugins/vue3-i18n-plugin.js?v=1:41
[     748ms] [WARNING] [i18n-missing] Missing key "Модель устройства" in locale "ru test" @ http://localhost:8080/js/plugins/vue3-i18n-plugin.js?v=1:41
[     748ms] [WARNING] [i18n-missing] Missing key "Модель устройства" in locale "ru test" @ http://localhost:8080/js/plugins/vue3-i18n-plugin.js?v=1:41
[     748ms] [WARNING] [i18n-missing] Missing key "Модель устройства" in locale "ru test" @ http://localhost:8080/js/plugins/vue3-i18n-plugin.js?v=1:41
[     749ms] [WARNING] [i18n-missing] Missing key "Модель устройства" in locale "ru test" @ http://localhost:8080/js/plugins/vue3-i18n-plugin.js?v=1:41
[     749ms] [WARNING] [i18n-missing] Missing key "Модель устройства" in locale "ru test" @ http://localhost:8080/js/plugins/vue3-i18n-plugin.js?v=1:41
[     749ms] [WARNING] [i18n-missing] Missing key "Модель устройства" in locale "ru test" @ http://localhost:8080/js/plugins/vue3-i18n-plugin.js?v=1:41
[     749ms] [WARNING] [i18n-missing] Missing key "Модель устройства" in locale "ru test" @ http://localhost:8080/js/plugins/vue3-i18n-plugin.js?v=1:41
[     749ms] [WARNING] [i18n-missing] Missing key "Модель устройства" in locale "ru test" @ http://localhost:8080/js/plugins/vue3-i18n-plugin.js?v=1:41
